2025-11-11 18:52:22, MOVE, v:1, k:poo@lapiseira, mode:DOWN
2025-11-11 18:54:15, MOVE, v:1, k:poo@lapiseira, mode:PICK
2025-11-11 18:54:16, EXEC, v:1, k:poo@lapiseira, mode:FULL, rate:0, size:103
2025-11-11 19:07:00, EXEC, v:1, k:poo@lapiseira, mode:FULL, rate:7, size:104
2025-11-11 19:08:05, EXEC, v:1, k:poo@lapiseira, mode:FULL, rate:14, size:103
2025-11-11 19:08:23, EXEC, v:1, k:poo@lapiseira, mode:FULL, rate:21, size:103
2025-11-11 19:09:57, EXEC, v:1, k:poo@lapiseira, mode:FULL, rate:21, size:105
2025-11-11 19:10:50, EXEC, v:1, k:poo@lapiseira, mode:FULL, rate:21, size:105
2025-11-11 19:11:06, EXEC, v:1, k:poo@lapiseira, mode:FULL, rate:0, size:105
2025-11-11 19:11:22, EXEC, v:1, k:poo@lapiseira, mode:FULL, rate:7, size:105
2025-11-11 19:11:48, EXEC, v:1, k:poo@lapiseira, mode:FULL, rate:21, size:105
2025-11-11 19:16:01, EXEC, v:1, k:poo@lapiseira, mode:FULL, rate:0, size:105
2025-11-11 19:16:07, EXEC, v:1, k:poo@lapiseira, mode:FULL, rate:0, size:105
2025-11-11 19:16:12, EXEC, v:1, k:poo@lapiseira, mode:FULL, rate:7, size:105
2025-11-11 19:16:22, EXEC, v:1, k:poo@lapiseira, mode:FULL, rate:7, size:105
2025-11-11 19:16:45, EXEC, v:1, k:poo@lapiseira, mode:FULL, rate:21, size:105
2025-11-11 19:18:50, EXEC, v:1, k:poo@lapiseira, mode:FULL, rate:0, size:105
2025-11-11 19:18:59, EXEC, v:1, k:poo@lapiseira, mode:FULL, rate:0, size:105
2025-11-11 19:23:16, EXEC, v:1, k:poo@lapiseira, mode:FULL, rate:21, size:106
2025-11-11 19:23:28, EXEC, v:1, k:poo@lapiseira, mode:FULL, rate:7, size:106
2025-11-11 19:24:29, EXEC, v:1, k:poo@lapiseira, mode:FULL, rate:7, size:107
2025-11-11 19:24:35, EXEC, v:1, k:poo@lapiseira, mode:FULL, rate:21, size:107
2025-11-11 19:26:43, EXEC, v:1, k:poo@lapiseira, mode:FULL, rate:21, size:107
2025-11-11 19:29:57, EXEC, v:1, k:poo@lapiseira, mode:FULL, rate:21, size:107
2025-11-11 19:31:08, EXEC, v:1, k:poo@lapiseira, mode:FULL, rate:14, size:107
2025-11-11 19:32:07, EXEC, v:1, k:poo@lapiseira, mode:FULL, rate:21, size:107
2025-11-11 19:34:42, EXEC, v:1, k:poo@lapiseira, mode:FULL, rate:21
2025-11-11 19:35:19, EXEC, v:1, k:poo@lapiseira, mode:FULL, rate:14, size:105
2025-11-11 19:35:32, EXEC, v:1, k:poo@lapiseira, mode:FULL, rate:7, size:105
2025-11-11 19:35:36, EXEC, v:1, k:poo@lapiseira, mode:FULL, rate:21, size:105
2025-11-11 19:42:16, EXEC, v:1, k:poo@lapiseira, mode:FULL, rate:7, size:105
2025-11-11 19:42:31, EXEC, v:1, k:poo@lapiseira, mode:FULL, rate:21, size:105
2025-11-11 19:42:43, EXEC, v:1, k:poo@lapiseira, mode:FULL, rate:21
2025-11-11 19:42:47, EXEC, v:1, k:poo@lapiseira, mode:FULL, rate:28, size:105
2025-11-11 19:43:04, EXEC, v:1, k:poo@lapiseira, mode:FULL, rate:35, size:105
2025-11-11 19:46:21, EXEC, v:1, k:poo@lapiseira, mode:FULL, rate:35, size:110
2025-11-11 19:46:27, EXEC, v:1, k:poo@lapiseira, mode:FULL, rate:35
2025-11-11 19:47:02, EXEC, v:1, k:poo@lapiseira, mode:FULL, rate:42, size:112
2025-11-11 19:47:22, EXEC, v:1, k:poo@lapiseira, mode:FULL, rate:57, size:112
2025-11-11 19:47:39, EXEC, v:1, k:poo@lapiseira, mode:FULL, rate:57, size:115
2025-11-11 19:48:00, MOVE, v:1, k:poo@lapiseira, mode:PICK
2025-11-11 19:48:01, EXEC, v:1, k:poo@lapiseira, mode:FULL, rate:57, size:112
2025-11-11 19:48:03, EXEC, v:1, k:poo@lapiseira, mode:FULL, rate:57
2025-11-11 19:48:24, EXEC, v:1, k:poo@lapiseira, mode:FULL, rate:57, size:112
2025-11-11 19:48:32, EXEC, v:1, k:poo@lapiseira, mode:FULL, rate:100, size:112
2025-11-11 19:48:41, EXEC, v:1, k:poo@lapiseira, mode:FULL, rate:100, size:109
2025-11-11 19:48:44, MOVE, v:1, k:poo@lapiseira, mode:BACK
2025-11-11 19:49:01, SELF, v:1, k:poo@lapiseira, rate:100, alone:10, study:60
