2025-11-17 19:08:07, MOVE, v:1, k:poo@cinema, mode:PICK
2025-11-17 19:09:13, MOVE, v:1, k:poo@cinema, mode:BACK
2025-11-17 19:09:40, MOVE, v:1, k:poo@cinema, mode:PICK
2025-11-17 19:09:41, EXEC, v:1, k:poo@cinema, mode:FULL, rate:100
2025-11-17 19:09:42, MOVE, v:1, k:poo@cinema, mode:BACK
2025-11-17 19:09:54, SELF, v:1, k:poo@cinema, rate:100, alone:10, study:70
2025-11-17 19:12:44, MOVE, v:1, k:poo@cinema, mode:PICK
2025-11-17 19:12:45, EXEC, v:1, k:poo@cinema, mode:FREE
2025-11-17 19:20:01, MOVE, v:1, k:poo@pula-pula, mode:PICK
2025-11-17 19:20:02, EXEC, v:1, k:poo@pula-pula, mode:FULL, rate:100, size:75
2025-11-17 19:21:55, EXEC, v:1, k:poo@cinema, mode:FULL, rate:100, size:76
2025-11-17 19:21:57, EXEC, v:1, k:poo@cinema, mode:FULL, rate:100
2025-11-17 19:21:58, MOVE, v:1, k:poo@cinema, mode:BACK
2025-11-17 19:22:00, MOVE, v:1, k:poo@cinema, mode:PICK
2025-11-17 19:22:02, EXEC, v:1, k:poo@cinema, mode:FREE
2025-11-17 19:22:07, MOVE, v:1, k:poo@cinema, mode:BACK
2025-11-17 19:22:08, MOVE, v:1, k:poo@cinema, mode:PICK
2025-11-17 19:22:09, MOVE, v:1, k:poo@cinema, mode:BACK
2025-11-17 19:22:23, MOVE, v:1, k:poo@budega, mode:PICK
2025-11-17 19:22:54, MOVE, v:1, k:poo@budega, mode:BACK
2025-11-17 19:23:02, MOVE, v:1, k:poo@lapiseira, mode:PICK
2025-11-17 19:23:57, EXEC, v:1, k:poo@lapiseira, mode:FULL, rate:100, size:106
2025-11-17 19:24:15, MOVE, v:1, k:poo@lapiseira, mode:BACK
2025-11-17 19:24:23, MOVE, v:1, k:poo@cinema, mode:PICK
2025-11-17 19:24:25, EXEC, v:1, k:poo@cinema, mode:FREE
2025-11-17 19:24:32, MOVE, v:1, k:poo@cinema, mode:BACK
2025-11-17 19:24:32, MOVE, v:1, k:poo@cinema, mode:PICK
2025-11-17 19:24:33, MOVE, v:1, k:poo@cinema, mode:BACK
2025-11-17 19:24:34, MOVE, v:1, k:poo@cinema, mode:PICK
2025-11-17 19:24:34, EXEC, v:1, k:poo@cinema, mode:FULL, rate:100
2025-11-17 19:24:35, MOVE, v:1, k:poo@cinema, mode:BACK
2025-11-17 19:24:42, MOVE, v:1, k:poo@cinema, mode:PICK
2025-11-17 19:24:42, EXEC, v:1, k:poo@cinema, mode:FULL, rate:100
2025-11-17 19:24:43, MOVE, v:1, k:poo@cinema, mode:BACK
2025-11-17 19:24:45, MOVE, v:1, k:poo@cinema, mode:PICK
2025-11-17 19:24:45, EXEC, v:1, k:poo@cinema, mode:FREE
2025-11-17 19:35:17, MOVE, v:1, k:poo@cinema, mode:BACK
2025-11-17 19:35:18, MOVE, v:1, k:poo@cinema, mode:PICK
2025-11-17 19:35:19, EXEC, v:1, k:poo@cinema, mode:FULL, rate:100
2025-11-17 19:35:19, MOVE, v:1, k:poo@cinema, mode:BACK
2025-11-17 19:35:21, MOVE, v:1, k:poo@cinema, mode:PICK
2025-11-17 19:35:22, EXEC, v:1, k:poo@cinema, mode:FREE
2025-11-17 19:36:51, EXEC, v:1, k:poo@cinema, mode:FULL, rate:100, size:74
2025-11-17 19:36:52, MOVE, v:1, k:poo@cinema, mode:BACK
2025-11-17 19:36:54, MOVE, v:1, k:poo@cinema, mode:PICK
2025-11-17 19:36:54, EXEC, v:1, k:poo@cinema, mode:FREE
2025-11-17 20:15:30, MOVE, v:1, k:poo@cinema, mode:BACK
2025-11-17 20:15:36, MOVE, v:1, k:poo@cinema, mode:PICK
2025-11-17 20:15:37, EXEC, v:1, k:poo@cinema, mode:FREE
2025-11-17 20:15:41, EXEC, v:1, k:poo@cinema, mode:FULL, rate:100
2025-11-17 20:15:42, MOVE, v:1, k:poo@cinema, mode:BACK
