2025-11-12 22:56:58, SELF, v:1, k:poo@lapiseira, rate:100, alone:10, study:60
2025-11-12 22:58:04, MOVE, v:1, k:poo@pula-pula, mode:PICK
2025-11-12 22:58:05, EXEC, v:1, k:poo@pula-pula, mode:FULL, rate:0, size:3
2025-11-12 23:05:03, EXEC, v:1, k:poo@pula-pula, mode:FULL, rate:0, size:24
2025-11-12 23:05:08, EXEC, v:1, k:poo@pula-pula, mode:FULL, rate:0
2025-11-12 23:05:09, EXEC, v:1, k:poo@pula-pula, mode:FULL, rate:0, size:23
2025-11-12 23:07:25, EXEC, v:1, k:poo@pula-pula, mode:FULL, rate:0, size:33
2025-11-12 23:07:31, EXEC, v:1, k:poo@pula-pula, mode:FULL, rate:0, size:35
2025-11-12 23:09:04, EXEC, v:1, k:poo@pula-pula, mode:FULL, rate:0, size:38
2025-11-12 23:09:20, EXEC, v:1, k:poo@pula-pula, mode:FULL, rate:0, size:38
2025-11-12 23:09:31, EXEC, v:1, k:poo@pula-pula, mode:FULL, rate:0, size:38
2025-11-12 23:09:47, EXEC, v:1, k:poo@pula-pula, mode:FULL, rate:0, size:38
2025-11-12 23:11:18, EXEC, v:1, k:poo@pula-pula, mode:FULL, rate:0, size:39
2025-11-12 23:11:29, EXEC, v:1, k:poo@pula-pula, mode:FULL, rate:0, size:39
2025-11-12 23:12:47, EXEC, v:1, k:poo@pula-pula, mode:FULL, rate:0, size:45
2025-11-12 23:14:35, EXEC, v:1, k:poo@pula-pula, mode:FULL, rate:0, size:47
2025-11-12 23:14:54, EXEC, v:1, k:poo@pula-pula, mode:FULL, rate:0, size:47
2025-11-12 23:15:13, EXEC, v:1, k:poo@pula-pula, mode:FULL, rate:10, size:47
2025-11-12 23:16:55, EXEC, v:1, k:poo@pula-pula, mode:FULL, rate:0, size:47
2025-11-12 23:16:56, EXEC, v:1, k:poo@pula-pula, mode:FULL, rate:0
2025-11-12 23:17:21, EXEC, v:1, k:poo@pula-pula, mode:FULL, rate:0, size:47
2025-11-12 23:17:21, EXEC, v:1, k:poo@pula-pula, mode:FULL, rate:0, size:47
2025-11-12 23:17:22, EXEC, v:1, k:poo@pula-pula, mode:FULL, rate:0, size:47
2025-11-12 23:17:31, EXEC, v:1, k:poo@pula-pula, mode:FULL, rate:0, size:47
2025-11-12 23:17:32, EXEC, v:1, k:poo@pula-pula, mode:FULL, rate:10
2025-11-12 23:18:08, EXEC, v:1, k:poo@pula-pula, mode:FULL, rate:10, size:47
2025-11-12 23:20:04, EXEC, v:1, k:poo@pula-pula, mode:FULL, rate:0, size:47
2025-11-12 23:20:05, EXEC, v:1, k:poo@pula-pula, mode:FULL, rate:0
2025-11-12 23:20:06, EXEC, v:1, k:poo@pula-pula, mode:FULL, rate:0
2025-11-12 23:20:06, EXEC, v:1, k:poo@pula-pula, mode:FULL, rate:0
2025-11-12 23:20:06, EXEC, v:1, k:poo@pula-pula, mode:FULL, rate:0
2025-11-12 23:20:07, EXEC, v:1, k:poo@pula-pula, mode:FULL, rate:0
2025-11-12 23:20:10, EXEC, v:1, k:poo@pula-pula, mode:FULL, rate:20, size:47
2025-11-12 23:22:48, EXEC, v:1, k:poo@pula-pula, mode:FULL, rate:20, size:50
2025-11-12 23:24:11, EXEC, v:1, k:poo@pula-pula, mode:FULL, rate:10, size:54
2025-11-12 23:24:46, EXEC, v:1, k:poo@pula-pula, mode:FULL, rate:10, size:54
2025-11-12 23:25:18, EXEC, v:1, k:poo@pula-pula, mode:FULL, rate:0, size:53
2025-11-12 23:25:25, EXEC, v:1, k:poo@pula-pula, mode:FULL, rate:10, size:53
2025-11-12 23:25:26, EXEC, v:1, k:poo@pula-pula, mode:FULL, rate:10
2025-11-12 23:25:34, EXEC, v:1, k:poo@pula-pula, mode:FULL, rate:20, size:53
2025-11-12 23:26:29, EXEC, v:1, k:poo@pula-pula, mode:FULL, rate:0, size:54
2025-11-12 23:26:56, EXEC, v:1, k:poo@pula-pula, mode:FULL, rate:10, size:54
2025-11-12 23:27:58, EXEC, v:1, k:poo@pula-pula, mode:FULL, rate:10, size:54
2025-11-12 23:28:54, EXEC, v:1, k:poo@pula-pula, mode:FULL, rate:10
2025-11-12 23:30:46, EXEC, v:1, k:poo@pula-pula, mode:FULL, rate:40, size:55
2025-11-12 23:31:15, EXEC, v:1, k:poo@pula-pula, mode:FULL, rate:40, size:55
2025-11-12 23:31:31, EXEC, v:1, k:poo@pula-pula, mode:FULL, rate:50, size:55
2025-11-12 23:33:00, EXEC, v:1, k:poo@pula-pula, mode:FULL, rate:50, size:58
2025-11-12 23:33:44, EXEC, v:1, k:poo@pula-pula, mode:FULL, rate:60, size:60
2025-11-12 23:38:11, EXEC, v:1, k:poo@pula-pula, mode:FULL, rate:40, size:69
2025-11-12 23:38:54, EXEC, v:1, k:poo@pula-pula, mode:FULL, rate:60, size:69
2025-11-12 23:39:21, EXEC, v:1, k:poo@pula-pula, mode:FULL, rate:60, size:72
2025-11-12 23:39:58, EXEC, v:1, k:poo@pula-pula, mode:FULL, rate:70, size:72
2025-11-12 23:41:12, EXEC, v:1, k:poo@pula-pula, mode:FULL, rate:70, size:75
2025-11-12 23:42:31, EXEC, v:1, k:poo@pula-pula, mode:FULL, rate:90, size:76
2025-11-12 23:43:32, EXEC, v:1, k:poo@pula-pula, mode:FULL, rate:70, size:77
2025-11-12 23:43:44, EXEC, v:1, k:poo@pula-pula, mode:FULL, rate:70, size:78
2025-11-12 23:43:53, EXEC, v:1, k:poo@pula-pula, mode:FULL, rate:100, size:79
2025-11-12 23:44:19, EXEC, v:1, k:poo@pula-pula, mode:FULL, rate:100, size:78
2025-11-12 23:44:20, MOVE, v:1, k:poo@pula-pula, mode:BACK
2025-11-12 23:45:10, SELF, v:1, k:poo@pula-pula, rate:100, other:stack_overflow, alone:8, study:50
2025-11-12 23:46:11, MOVE, v:1, k:poo@cinema, mode:DOWN
